   Compiling librocksdb-sys v0.17.3+10.4.2
   Compiling rocksdb v0.23.0
   Compiling surrealdb-core v2.3.10
   Compiling surrealdb v2.3.10
   Compiling apollo-agent v0.6.2 (/app)
warning: unused import: `std::net::SocketAddr`
  --> tests/channel_conformance.rs:20:5
   |
20 | use std::net::SocketAddr;
   |     ^^^^^^^^^^^^^^^^^^^^
   |
   = note: `#[warn(unused_imports)]` (part of `#[warn(unused)]`) on by default

warning: unused variable: `names`
   --> tests/plugin_channel.rs:136:9
    |
136 |     let names = registry.channels().names();
    |         ^^^^^ help: if this is intentional, prefix it with an underscore: `_names`
    |
    = note: `#[warn(unused_variables)]` (part of `#[warn(unused)]`) on by default

warning: field `query` is never read
  --> tests/channel_conformance.rs:35:5
   |
32 | struct Hit {
   |        --- field in this struct
...
35 |     query: String,
   |     ^^^^^
   |
   = note: `Hit` has derived impls for the traits `Clone` and `Debug`, but these are intentionally ignored during dead code analysis
   = note: `#[warn(dead_code)]` (part of `#[warn(unused)]`) on by default

warning: function `free_port` is never used
   --> tests/channel_conformance.rs:234:4
    |
234 | fn free_port() -> u16 {
    |    ^^^^^^^^^

warning: function `post_webhook` is never used
   --> tests/channel_conformance.rs:241:10
    |
241 | async fn post_webhook(port: u16, path: &str, body: serde_json::Value) {
    |          ^^^^^^^^^^^^

warning: `apollo-agent` (test "channel_conformance") generated 4 warnings (run `cargo fix --test "channel_conformance" -p apollo-agent` to apply 1 suggestion)
warning: `apollo-agent` (test "plugin_channel") generated 1 warning (run `cargo fix --test "plugin_channel" -p apollo-agent` to apply 1 suggestion)
    Finished `test` profile [unoptimized + debuginfo] target(s) in 11m 08s
     Running unittests src/lib.rs (target/debug/deps/apollo-c55cf46a1c955472)

running 0 tests

test result: ok. 0 passed; 0 failed; 0 ignored; 0 measured; 297 filtered out; finished in 0.00s

     Running unittests src/main.rs (target/debug/deps/apollo-75a1fd78da0bab17)

running 0 tests

test result: ok. 0 passed; 0 failed; 0 ignored; 0 measured; 8 filtered out; finished in 0.00s

     Running unittests src/bin/apollo_install.rs (target/debug/deps/apollo_install-55d6fda5dd3502b1)

running 0 tests

test result: ok. 0 passed; 0 failed; 0 ignored; 0 measured; 0 filtered out; finished in 0.00s

     Running tests/channel_conformance.rs (target/debug/deps/channel_conformance-b6ddc75e01ac25be)

running 0 tests

test result: ok. 0 passed; 0 failed; 0 ignored; 0 measured; 2 filtered out; finished in 0.00s

     Running tests/plugin_channel.rs (target/debug/deps/plugin_channel-e45217501632b086)

running 0 tests

test result: ok. 0 passed; 0 failed; 0 ignored; 0 measured; 9 filtered out; finished in 0.00s

     Running tests/reply_delivery.rs (target/debug/deps/reply_delivery-f553fff4fa046f82)

running 0 tests

test result: ok. 0 passed; 0 failed; 0 ignored; 0 measured; 2 filtered out; finished in 0.00s

     Running tests/rx4_engine.rs (target/debug/deps/rx4_engine-3699792dba750e43)

running 0 tests

test result: ok. 0 passed; 0 failed; 0 ignored; 0 measured; 3 filtered out; finished in 0.00s

     Running tests/swarm_integration.rs (target/debug/deps/swarm_integration-a84cb86df22e65e3)

running 0 tests

test result: ok. 0 passed; 0 failed; 0 ignored; 0 measured; 0 filtered out; finished in 0.00s

   Doc-tests apollo

running 0 tests

test result: ok. 0 passed; 0 failed; 0 ignored; 0 measured; 0 filtered out; finished in 0.00s
